In file included from p2_sm80_gemm.cu:1:
In file included from /home/repos/flux/3rdparty/cutlass/include/cutlass/gemm/device/gemm.h:38:
In file included from /home/repos/flux/3rdparty/cutlass/include/cutlass/numeric_types.h:41:
In file included from /home/repos/flux/3rdparty/cutlass/include/cutlass/half.h:66:
/home/repos/flux/3rdparty/cutlass/include/cutlass/float8.h:1634:35: warning: identifier '_fe4m3' preceded by whitespace in a literal operator declaration is deprecated [-Wdeprecated-literal-operator]
 1634 | cutlass::float_e4m3_t operator "" _fe4m3(long double x) {
      |                       ~~~~~~~~~~~~^~~~~~
      |                       operator""_fe4m3
/home/repos/flux/3rdparty/cutlass/include/cutlass/float8.h:1639:35: warning: identifier '_fe4m3' preceded by whitespace in a literal operator declaration is deprecated [-Wdeprecated-literal-operator]
 1639 | cutlass::float_e4m3_t operator "" _fe4m3(unsigned long long int x) {
      |                       ~~~~~~~~~~~~^~~~~~
      |                       operator""_fe4m3
/home/repos/flux/3rdparty/cutlass/include/cutlass/float8.h:1645:36: warning: identifier '_fue4m3' preceded by whitespace in a literal operator declaration is deprecated [-Wdeprecated-literal-operator]
 1645 | cutlass::float_ue4m3_t operator "" _fue4m3(long double x) {
      |                        ~~~~~~~~~~~~^~~~~~~
      |                        operator""_fue4m3
/home/repos/flux/3rdparty/cutlass/include/cutlass/float8.h:1650:36: warning: identifier '_fue4m3' preceded by whitespace in a literal operator declaration is deprecated [-Wdeprecated-literal-operator]
 1650 | cutlass::float_ue4m3_t operator "" _fue4m3(unsigned long long int x) {
      |                        ~~~~~~~~~~~~^~~~~~~
      |                        operator""_fue4m3
/home/repos/flux/3rdparty/cutlass/include/cutlass/float8.h:1656:35: warning: identifier '_fe5m2' preceded by whitespace in a literal operator declaration is deprecated [-Wdeprecated-literal-operator]
 1656 | cutlass::float_e5m2_t operator "" _fe5m2(long double x) {
      |                       ~~~~~~~~~~~~^~~~~~
      |                       operator""_fe5m2
/home/repos/flux/3rdparty/cutlass/include/cutlass/float8.h:1661:35: warning: identifier '_fe5m2' preceded by whitespace in a literal operator declaration is deprecated [-Wdeprecated-literal-operator]
 1661 | cutlass::float_e5m2_t operator "" _fe5m2(unsigned long long int x) {
      |                       ~~~~~~~~~~~~^~~~~~
      |                       operator""_fe5m2
/home/repos/flux/3rdparty/cutlass/include/cutlass/float8.h:1667:36: warning: identifier '_fue8m0' preceded by whitespace in a literal operator declaration is deprecated [-Wdeprecated-literal-operator]
 1667 | cutlass::float_ue8m0_t operator "" _fue8m0(long double x)
      |                        ~~~~~~~~~~~~^~~~~~~
      |                        operator""_fue8m0
/home/repos/flux/3rdparty/cutlass/include/cutlass/float8.h:1673:36: warning: identifier '_fue8m0' preceded by whitespace in a literal operator declaration is deprecated [-Wdeprecated-literal-operator]
 1673 | cutlass::float_ue8m0_t operator "" _fue8m0(unsigned long long int x)
      |                        ~~~~~~~~~~~~^~~~~~~
      |                        operator""_fue8m0
In file included from p2_sm80_gemm.cu:1:
In file included from /home/repos/flux/3rdparty/cutlass/include/cutlass/gemm/device/gemm.h:38:
In file included from /home/repos/flux/3rdparty/cutlass/include/cutlass/numeric_types.h:41:
/home/repos/flux/3rdparty/cutlass/include/cutlass/half.h:921:29: warning: identifier '_hf' preceded by whitespace in a literal operator declaration is deprecated [-Wdeprecated-literal-operator]
  921 | cutlass::half_t operator "" _hf(long double x) {
      |                 ~~~~~~~~~~~~^~~
      |                 operator""_hf
/home/repos/flux/3rdparty/cutlass/include/cutlass/half.h:926:29: warning: identifier '_hf' preceded by whitespace in a literal operator declaration is deprecated [-Wdeprecated-literal-operator]
  926 | cutlass::half_t operator "" _hf(unsigned long long int x) {
      |                 ~~~~~~~~~~~~^~~
      |                 operator""_hf
In file included from p2_sm80_gemm.cu:1:
In file included from /home/repos/flux/3rdparty/cutlass/include/cutlass/gemm/device/gemm.h:38:
In file included from /home/repos/flux/3rdparty/cutlass/include/cutlass/numeric_types.h:42:
/home/repos/flux/3rdparty/cutlass/include/cutlass/bfloat16.h:670:33: warning: identifier '_bf16' preceded by whitespace in a literal operator declaration is deprecated [-Wdeprecated-literal-operator]
  670 | cutlass::bfloat16_t operator "" _bf16(long double x) {
      |                     ~~~~~~~~~~~~^~~~~
      |                     operator""_bf16
/home/repos/flux/3rdparty/cutlass/include/cutlass/bfloat16.h:675:33: warning: identifier '_bf16' preceded by whitespace in a literal operator declaration is deprecated [-Wdeprecated-literal-operator]
  675 | cutlass::bfloat16_t operator "" _bf16(unsigned long long int x) {
      |                     ~~~~~~~~~~~~^~~~~
      |                     operator""_bf16
In file included from p2_sm80_gemm.cu:1:
In file included from /home/repos/flux/3rdparty/cutlass/include/cutlass/gemm/device/gemm.h:38:
In file included from /home/repos/flux/3rdparty/cutlass/include/cutlass/numeric_types.h:43:
/home/repos/flux/3rdparty/cutlass/include/cutlass/tfloat32.h:470:33: warning: identifier '_tf32' preceded by whitespace in a literal operator declaration is deprecated [-Wdeprecated-literal-operator]
  470 | cutlass::tfloat32_t operator "" _tf32(long double x) {
      |                     ~~~~~~~~~~~~^~~~~
      |                     operator""_tf32
/home/repos/flux/3rdparty/cutlass/include/cutlass/tfloat32.h:475:33: warning: identifier '_tf32' preceded by whitespace in a literal operator declaration is deprecated [-Wdeprecated-literal-operator]
  475 | cutlass::tfloat32_t operator "" _tf32(unsigned long long int x) {
      |                     ~~~~~~~~~~~~^~~~~
      |                     operator""_tf32
In file included from p2_sm80_gemm.cu:1:
In file included from /home/repos/flux/3rdparty/cutlass/include/cutlass/gemm/device/gemm.h:38:
In file included from /home/repos/flux/3rdparty/cutlass/include/cutlass/numeric_types.h:47:
/home/repos/flux/3rdparty/cutlass/include/cutlass/float_subbyte.h:755:34: warning: identifier '_fe2m1' preceded by whitespace in a literal operator declaration is deprecated [-Wdeprecated-literal-operator]
  755 | cutlass::float_e2m1_t operator"" _fe2m1(long double x)
      |                       ~~~~~~~~~~~^~~~~~
      |                       operator""_fe2m1
/home/repos/flux/3rdparty/cutlass/include/cutlass/float_subbyte.h:761:34: warning: identifier '_fe2m1' preceded by whitespace in a literal operator declaration is deprecated [-Wdeprecated-literal-operator]
  761 | cutlass::float_e2m1_t operator"" _fe2m1(unsigned long long int x)
      |                       ~~~~~~~~~~~^~~~~~
      |                       operator""_fe2m1
/home/repos/flux/3rdparty/cutlass/include/cutlass/float_subbyte.h:766:34: warning: identifier '_fe2m3' preceded by whitespace in a literal operator declaration is deprecated [-Wdeprecated-literal-operator]
  766 | cutlass::float_e2m3_t operator"" _fe2m3(long double x)
      |                       ~~~~~~~~~~~^~~~~~
      |                       operator""_fe2m3
/home/repos/flux/3rdparty/cutlass/include/cutlass/float_subbyte.h:772:34: warning: identifier '_fe2m3' preceded by whitespace in a literal operator declaration is deprecated [-Wdeprecated-literal-operator]
  772 | cutlass::float_e2m3_t operator"" _fe2m3(unsigned long long int x)
      |                       ~~~~~~~~~~~^~~~~~
      |                       operator""_fe2m3
/home/repos/flux/3rdparty/cutlass/include/cutlass/float_subbyte.h:778:34: warning: identifier '_fe3m2' preceded by whitespace in a literal operator declaration is deprecated [-Wdeprecated-literal-operator]
  778 | cutlass::float_e3m2_t operator"" _fe3m2(long double x)
      |                       ~~~~~~~~~~~^~~~~~
      |                       operator""_fe3m2
/home/repos/flux/3rdparty/cutlass/include/cutlass/float_subbyte.h:784:34: warning: identifier '_fe3m2' preceded by whitespace in a literal operator declaration is deprecated [-Wdeprecated-literal-operator]
  784 | cutlass::float_e3m2_t operator"" _fe3m2(unsigned long long int x)
      |                       ~~~~~~~~~~~^~~~~~
      |                       operator""_fe3m2
In file included from p2_sm80_gemm.cu:1:
In file included from /home/repos/flux/3rdparty/cutlass/include/cutlass/gemm/device/gemm.h:42:
In file included from /home/repos/flux/3rdparty/cutlass/include/cutlass/gemm/threadblock/threadblock_swizzle.h:39:
In file included from /home/repos/flux/3rdparty/cutlass/include/cutlass/layout/matrix.h:44:
/home/repos/flux/3rdparty/cutlass/include/cutlass/fast_math.h:42:10: fatal error: 'cuda/std/utility' file not found
   42 | #include <cuda/std/utility>
      |          ^~~~~~~~~~~~~~~~~~
20 warnings and 1 error generated when compiling for ivcore11.
